
> ai-math@0.1.0 build
> react-scripts build

node.exe : (node:7236) [DEP0176] DeprecationWarning: fs.F_OK is deprecated, 
use fs.constants.F_OK instead
At line:1 char:1
+ & "C:\Program Files\nodejs/node.exe" "C:\Program Files\nodejs/node_mo ...
+ ~~~~~~~~~~~~~~~~~~~~~~~~~~~~~~~~~~~~~~~~~~~~~~~~~~~~~~~~~~~~~~~~~~~~~
    + CategoryInfo          : NotSpecified: ((node:7236) [DE...ts.F_OK instead 
   :String) [], RemoteException
    + FullyQualifiedErrorId : NativeCommandError
 
(Use `node --trace-deprecation ...` to show where the warning was created)
Creating an optimized production build...
Compiled successfully.

File sizes after gzip:

  1 MB       build\static\js\main.0ab7ec40.js
  722.57 kB  build\static\js\849.c8de4987.chunk.js
  48.96 kB   build\static\js\851.83e992c4.chunk.js
  28.37 kB   build\static\js\113.fff7bb15.chunk.js
  23.09 kB   build\static\js\94.b8c108f8.chunk.js
  22.58 kB   build\static\js\330.4413af93.chunk.js
  19.26 kB   build\static\js\287.95a74936.chunk.js
  16.83 kB   build\static\css\main.cd074f51.css
  10.76 kB   build\static\js\271.a47360a4.chunk.js
  7.93 kB    build\static\js\230.c8a6b1c4.chunk.js

The bundle size is significantly larger than recommended.
Consider reducing it with code splitting: https://goo.gl/9VhYWB
You can also analyze the project dependencies: https://goo.gl/LeUzfb

The project was built assuming it is hosted at /.
You can control this with the homepage field in your package.json.

The build folder is ready to be deployed.
You may serve it with a static server:

  npm install -g serve
  serve -s build

Find out more about deployment here:

  https://cra.link/deployment

